0 verbose cli C:\Program Files\nodejs\node.exe C:\Program Files\nodejs\node_modules\npm\bin\npm-cli.js
1 info using npm@11.16.0
2 info using node@v24.18.0
3 silly config load:file:C:\Program Files\nodejs\node_modules\npm\npmrc
4 silly config load:file:D:\English-center\.npmrc
5 silly config load:file:C:\Users\AGAMBA tresor\.npmrc
6 silly config load:file:C:\Users\AGAMBA tresor\AppData\Roaming\npm\etc\npmrc
7 verbose title npm install nodemailer
8 verbose argv "install" "nodemailer" "--save-exact" "--ignore-scripts" "--no-audit" "--no-fund" "--fetch-retries" "0" "--fetch-timeout" "15000" "--cache" "D:\\English-center\\tmp\\npm-cache"
9 verbose logfile logs-max:10 dir:D:\English-center\tmp\npm-cache\_logs\2026-09-11T05_22_10_698Z-
10 verbose logfile D:\English-center\tmp\npm-cache\_logs\2026-09-11T05_22_10_698Z-debug-0.log
11 silly logfile done cleaning log files
12 silly packumentCache heap:4496293888 maxSize:1124073472 maxEntrySize:562036736
13 silly idealTree buildDeps
14 silly fetch manifest nodemailer@*
15 silly packumentCache full:https://registry.npmjs.org/nodemailer cache-miss
16 http fetch GET https://registry.npmjs.org/nodemailer attempt 1 failed with EACCES
17 silly placeDep ROOT nodemailer@ OK for: english-center@1.0.0 want: *
18 http fetch GET https://registry.npmjs.org/npm attempt 1 failed with EACCES
19 verbose type system
20 verbose stack FetchError: request to https://registry.npmjs.org/nodemailer failed, reason: 
20 verbose stack     at ClientRequest.<anonymous> (C:\Program Files\nodejs\node_modules\npm\node_modules\minipass-fetch\lib\index.js:130:14)
20 verbose stack     at ClientRequest.emit (node:events:509:28)
20 verbose stack     at emitErrorEvent (node:_http_client:109:11)
20 verbose stack     at _destroy (node:_http_client:993:9)
20 verbose stack     at onSocketNT (node:_http_client:1014:5)
20 verbose stack     at process.processTicksAndRejections (node:internal/process/task_queues:91:21)
21 error code EACCES
22 error errno EACCES
23 error FetchError: request to https://registry.npmjs.org/nodemailer failed, reason: 
23 error     at ClientRequest.<anonymous> (C:\Program Files\nodejs\node_modules\npm\node_modules\minipass-fetch\lib\index.js:130:14)
23 error     at ClientRequest.emit (node:events:509:28)
23 error     at emitErrorEvent (node:_http_client:109:11)
23 error     at _destroy (node:_http_client:993:9)
23 error     at onSocketNT (node:_http_client:1014:5)
23 error     at process.processTicksAndRejections (node:internal/process/task_queues:91:21) {
23 error   code: 'EACCES',
23 error   errno: 'EACCES',
23 error   type: 'system',
23 error   requiredBy: '.'
23 error }
24 error
24 error The operation was rejected by your operating system.
24 error It's possible that the file was already in use (by a text editor or antivirus), or that you lack permissions to access it.
24 error
24 error If you believe this might be a permissions issue, please double-check the permissions of the file and its containing directories, or try running the command again as root/Administrator.
25 silly unfinished npm timer reify 1789104131782
26 silly unfinished npm timer reify:loadTrees 1789104131782
27 verbose cwd D:\English-center
28 verbose os Windows_NT 10.0.26200
29 verbose node v24.18.0
30 verbose npm  v11.16.0
31 verbose exit 1
32 verbose code 1
33 error A complete log of this run can be found in: D:\English-center\tmp\npm-cache\_logs\2026-09-11T05_22_10_698Z-debug-0.log
