0 verbose cli C:\Program Files\nodejs\node.exe C:\Program Files\nodejs\node_modules\npm\bin\npm-cli.js
1 info using npm@11.16.0
2 info using node@v24.18.0
3 silly config load:file:C:\Program Files\nodejs\node_modules\npm\npmrc
4 silly config load:file:D:\English-center\.npmrc
5 silly config load:file:C:\Users\AGAMBA tresor\.npmrc
6 silly config load:file:C:\Users\AGAMBA tresor\AppData\Roaming\npm\etc\npmrc
7 verbose title npm install nodemailer
8 verbose argv "install" "nodemailer" "--save-exact" "--ignore-scripts" "--no-audit" "--no-fund" "--fetch-retries" "0" "--fetch-timeout" "15000" "--cache" "D:\\English-center\\tmp\\npm-cache"
9 verbose logfile logs-max:10 dir:D:\English-center\tmp\npm-cache\_logs\2026-09-11T05_22_42_092Z-
10 verbose logfile D:\English-center\tmp\npm-cache\_logs\2026-09-11T05_22_42_092Z-debug-0.log
11 silly logfile done cleaning log files
12 silly packumentCache heap:4496293888 maxSize:1124073472 maxEntrySize:562036736
13 silly idealTree buildDeps
14 silly fetch manifest nodemailer@*
15 silly packumentCache full:https://registry.npmjs.org/nodemailer cache-miss
16 http fetch GET 200 https://registry.npmjs.org/nodemailer 989ms (cache miss)
17 silly packumentCache full:https://registry.npmjs.org/nodemailer set size:undefined disposed:false
18 silly placeDep ROOT nodemailer@10.0.3 OK for: english-center@1.0.0 want: *
19 silly reify mark retired [ 'D:\\English-center\\node_modules\\@img\\sharp-libvips-linux-x64' ]
20 silly reify mark retired [ 'D:\\English-center\\node_modules\\@img\\sharp-linux-x64' ]
21 silly reify moves {
21 silly reify   'D:\\English-center\\node_modules\\@img\\sharp-libvips-linux-x64': 'D:\\English-center\\node_modules\\@img\\.sharp-libvips-linux-x64-jEV4ptrM',
21 silly reify   'D:\\English-center\\node_modules\\@img\\sharp-linux-x64': 'D:\\English-center\\node_modules\\@img\\.sharp-linux-x64-yDPdxG13'
21 silly reify }
22 http cache @img/sharp-win32-x64@https://registry.npmjs.org/@img/sharp-win32-x64/-/sharp-win32-x64-0.35.4.tgz 1ms (cache hit)
23 http cache nodemailer@https://registry.npmjs.org/nodemailer/-/nodemailer-10.0.3.tgz 0ms (cache hit)
24 silly tarball no local data for @img/sharp-win32-x64@https://registry.npmjs.org/@img/sharp-win32-x64/-/sharp-win32-x64-0.35.4.tgz. Extracting by manifest.
25 silly tarball no local data for nodemailer@https://registry.npmjs.org/nodemailer/-/nodemailer-10.0.3.tgz. Extracting by manifest.
26 http fetch GET 200 https://registry.npmjs.org/nodemailer/-/nodemailer-10.0.3.tgz 868ms (cache miss)
27 http fetch GET 200 https://registry.npmjs.org/@img/sharp-win32-x64/-/sharp-win32-x64-0.35.4.tgz 1715ms (cache miss)
28 silly ADD node_modules/nodemailer
29 silly ADD node_modules/@img/sharp-win32-x64
30 silly REMOVE node_modules/@img/sharp-linux-x64
31 silly REMOVE node_modules/@img/sharp-libvips-linux-x64
32 verbose cwd D:\English-center
33 verbose os Windows_NT 10.0.26200
34 verbose node v24.18.0
35 verbose npm  v11.16.0
36 verbose exit 0
37 info ok
